<html>
<body>
<pre>
<h1>µVision Build Log</h1>
<h2>Tool Versions:</h2>
IDE-Version: ¦ÌVision V5.41.0.0
Copyright (C) 2024 ARM Ltd and ARM Germany GmbH. All rights reserved.
License Information: a a, a, LIC=JL28G-VYBW0-9UN4U-S24GY-2YWSU-ZCV4X
 
Tool Versions:
Toolchain:       MDK-ARM Plus  Version: 5.41.0.0
Toolchain Path:  D:\keil5\core\ARM\ARMCLANG\Bin
C Compiler:      ArmClang.exe V6.22
Assembler:       Armasm.exe V6.22
Linker/Locator:  ArmLink.exe V6.22
Library Manager: ArmAr.exe V6.22
Hex Converter:   FromElf.exe V6.22
CPU DLL:         SARMCM3.DLL V5.41.0.0
Dialog DLL:      DCM.DLL V1.17.5.0
Target DLL:      UL2CM3.DLL V1.164.14.0
Dialog DLL:      TCM.DLL V1.56.4.0
 
<h2>Project:</h2>
C:\Users\DOCTOR\Desktop\LiangShanPi\Template\Project\Project.uvprojx
Project File Date:  11/16/2024

<h2>Output:</h2>
*** Using Compiler 'V6.22', folder: 'D:\keil5\core\ARM\ARMCLANG\Bin'
Rebuild target 'Template'
assembling startup_gd32f450_470.s...
compiling main.c...
compiling gd32f4xx_it.c...
compiling systick.c...
compiling system_gd32f4xx.c...
linking...
Program Size: Code=680 RO-data=460 RW-data=4 ZI-data=1036  
".\Objects\Project.axf" - 0 Error(s), 0 Warning(s).

<h2>Software Packages used:</h2>

Package Vendor: GigaDevice
                https://gd32mcu.com/data/documents/pack/GigaDevice.GD32F4xx_DFP.3.2.0.pack
                GigaDevice::GD32F4xx_DFP@3.2.0
                GigaDevice GD32F4xx Series Device Support and Examples

<h2>Collection of Component include folders:</h2>
  D:/keil5/pack/GigaDevice/GD32F4xx_DFP/3.2.0/Device/F4XX/Include

<h2>Collection of Component Files used:</h2>
Build Time Elapsed:  00:00:00
</pre>
</body>
</html>
